// Jest Snapshot v1, https://goo.gl/fbAQLP

exports[`ArticleImage tests renders correctly 1`] = `
<div>
  <img
    alt="The Statue of Liberty's torch heads to new museum"
    class="image"
    title="The Statue of Liberty's torch heads to new museum"
  />
</div>
`;
